// Jest Snapshot v1, https://goo.gl/fbAQLP

exports[`Pokedex Test Should render without crash 1`] = `
<div
  className="Wrapper"
>
  <div
    className="container"
  >
    <a
      href="/"
      onClick={[Function]}
    >
      <h1>
        Pokédex
      </h1>
    </a>
  </div>
  <div
    className="FormBackground"
  >
    <div
      className="container FormContainer"
    >
      <section>
        <form
          onReset={[Function]}
          onSubmit={[Function]}
        >
          <div
            className="field"
          >
            <label
              htmlFor="query"
            >
              Name or Number
            </label>
            <div
              className="field-group"
            >
              <select
                id="query"
                name="query"
                onBlur={[Function]}
                onChange={[Function]}
                placeholder="Search Pokémon"
                style={
                  Object {
                    "flex": 1,
                  }
                }
              >
                <option
                  placeholder="Search Pokémon"
                >
                  Search Pokémon
                </option>
                <option>
                  Bulbasaur
                </option>
                <option>
                  Charmender
                </option>
                <option>
                  Squirtle
                </option>
              </select>
              <button
                className="button button-orange"
                type="submit"
              >
                <span
                  className="fas fa-search"
                />
              </button>
            </div>
          </div>
          <div
            className="field"
          >
            <p>
              Use the Advanced Search to explore Pokémon by type, weakness, Ability, and more!
            </p>
          </div>
        </form>
      </section>
      <section>
        <p
          className="notification notification-green"
          style={
            Object {
              "fontSize": "1.25rem",
            }
          }
        >
          Search for a Pokémon by name or using its National Pokédex number.
        </p>
      </section>
    </div>
  </div>
  <div
    className="AdvanceSearchContainer"
  >
    <div
      className="container Wrapper"
    >
      <button
        className="ToggleButton"
        onClick={[Function]}
        type="button"
      >
        Show Advance Search
         
        <span
          className="fa-stack"
        >
          <i
            className="fas fa-circle fa-stack-1x"
          />
          <i
            className="fas fa-angle-down fa-stack-1x"
          />
        </span>
      </button>
      <div
        className="ContentWrapper"
      >
        <div
          className="Filter"
        >
          <section>
            <div
              className="FilterType"
            >
              <h2>
                Type & Weakness
              </h2>
              <span>
                <strong>
                  T
                </strong>
                 = Type
              </span>
              <span>
                <strong>
                  W
                </strong>
                 = Weakness
              </span>
            </div>
            <ul
              className="TypeList"
            >
              <li>
                <div
                  className="TypeContainer"
                >
                  <div
                    className="TypeName"
                  >
                    Bug
                  </div>
                  <div
                    className="TypeAction"
                  >
                    <button
                      type="button"
                    >
                      T
                    </button>
                    <button
                      type="button"
                    >
                      W
                    </button>
                  </div>
                </div>
              </li>
              <li>
                <div
                  className="TypeContainer"
                >
                  <div
                    className="TypeName"
                  >
                    Dragon
                  </div>
                  <div
                    className="TypeAction"
                  >
                    <button
                      type="button"
                    >
                      T
                    </button>
                    <button
                      type="button"
                    >
                      W
                    </button>
                  </div>
                </div>
              </li>
              <li>
                <div
                  className="TypeContainer"
                >
                  <div
                    className="TypeName"
                  >
                    Fairy
                  </div>
                  <div
                    className="TypeAction"
                  >
                    <button
                      type="button"
                    >
                      T
                    </button>
                    <button
                      type="button"
                    >
                      W
                    </button>
                  </div>
                </div>
              </li>
              <li>
                <div
                  className="TypeContainer"
                >
                  <div
                    className="TypeName"
                  >
                    Fire
                  </div>
                  <div
                    className="TypeAction"
                  >
                    <button
                      type="button"
                    >
                      T
                    </button>
                    <button
                      type="button"
                    >
                      W
                    </button>
                  </div>
                </div>
              </li>
              <li>
                <div
                  className="TypeContainer"
                >
                  <div
                    className="TypeName"
                  >
                    Ghost
                  </div>
                  <div
                    className="TypeAction"
                  >
                    <button
                      type="button"
                    >
                      T
                    </button>
                    <button
                      type="button"
                    >
                      W
                    </button>
                  </div>
                </div>
              </li>
              <li>
                <div
                  className="TypeContainer"
                >
                  <div
                    className="TypeName"
                  >
                    Ground
                  </div>
                  <div
                    className="TypeAction"
                  >
                    <button
                      type="button"
                    >
                      T
                    </button>
                    <button
                      type="button"
                    >
                      W
                    </button>
                  </div>
                </div>
              </li>
              <li>
                <div
                  className="TypeContainer"
                >
                  <div
                    className="TypeName"
                  >
                    Normal
                  </div>
                  <div
                    className="TypeAction"
                  >
                    <button
                      type="button"
                    >
                      T
                    </button>
                    <button
                      type="button"
                    >
                      W
                    </button>
                  </div>
                </div>
              </li>
              <li>
                <div
                  className="TypeContainer"
                >
                  <div
                    className="TypeName"
                  >
                    Physic
                  </div>
                  <div
                    className="TypeAction"
                  >
                    <button
                      type="button"
                    >
                      T
                    </button>
                    <button
                      type="button"
                    >
                      W
                    </button>
                  </div>
                </div>
              </li>
              <li>
                <div
                  className="TypeContainer"
                >
                  <div
                    className="TypeName"
                  >
                    Steel
                  </div>
                  <div
                    className="TypeAction"
                  >
                    <button
                      type="button"
                    >
                      T
                    </button>
                    <button
                      type="button"
                    >
                      W
                    </button>
                  </div>
                </div>
              </li>
              <li>
                <div
                  className="TypeContainer"
                >
                  <div
                    className="TypeName"
                  >
                    Dark
                  </div>
                  <div
                    className="TypeAction"
                  >
                    <button
                      type="button"
                    >
                      T
                    </button>
                    <button
                      type="button"
                    >
                      W
                    </button>
                  </div>
                </div>
              </li>
              <li>
                <div
                  className="TypeContainer"
                >
                  <div
                    className="TypeName"
                  >
                    Electric
                  </div>
                  <div
                    className="TypeAction"
                  >
                    <button
                      type="button"
                    >
                      T
                    </button>
                    <button
                      type="button"
                    >
                      W
                    </button>
                  </div>
                </div>
              </li>
              <li>
                <div
                  className="TypeContainer"
                >
                  <div
                    className="TypeName"
                  >
                    Fighting
                  </div>
                  <div
                    className="TypeAction"
                  >
                    <button
                      type="button"
                    >
                      T
                    </button>
                    <button
                      type="button"
                    >
                      W
                    </button>
                  </div>
                </div>
              </li>
            </ul>
          </section>
          <section>
            <div
              className="FilterAbility"
            >
              <h2>
                Ability
              </h2>
              <div
                className="dropdown dropdown__pokedrop"
              >
                <select
                  id="ability"
                  name=""
                >
                  <option
                    value=""
                  >
                    All
                  </option>
                </select>
              </div>
            </div>
            <div
              className="FilterHeight"
            >
              <h2>
                Height
              </h2>
              <ul>
                <li>
                  <button
                    type="button"
                  >
                    small
                  </button>
                </li>
                <li>
                  <button
                    type="button"
                  >
                    medium
                  </button>
                </li>
                <li>
                  <button
                    type="button"
                  >
                    large
                  </button>
                </li>
              </ul>
            </div>
            <div
              className="FilterWeight"
            >
              <h2>
                Weight
              </h2>
              <ul>
                <li>
                  <button
                    type="button"
                  >
                    small
                  </button>
                </li>
                <li>
                  <button
                    type="button"
                  >
                    medium
                  </button>
                </li>
                <li>
                  <button
                    type="button"
                  >
                    large
                  </button>
                </li>
              </ul>
            </div>
          </section>
        </div>
        <div
          className="Range"
        >
          <h2>
            Number Range
          </h2>
          <div>
            <input
              id=""
              max="1000"
              min="1"
              name=""
              type="number"
            />
            -
            <input
              id=""
              max="1000"
              min="1"
              name=""
              type="number"
            />
          </div>
        </div>
        <div
          className="Action"
        >
          <button
            className="button-gray"
            type="reset"
          >
            Reset
          </button>
          <button
            className="button-orange"
            type="submit"
          >
            <span
              className="fas fa-search"
            />
             Search
          </button>
        </div>
      </div>
    </div>
  </div>
</div>
`;
